ℹ [156/194] Replayed Strata.DL.Lambda.LExprEvalProps
info: stderr:
PANIC at _private.Lean.Elab.PreDefinition.PartialFixpoint.Induction.0.Lean.Elab.PartialFixpoint.isOptionFixpoint Lean.Elab.PreDefinition.PartialFixpoint.Induction:324:2: assertion violation: defnInfo.hasValue
  
backtrace:
0   libleanshared.dylib                 0x0000000117c79268 _ZN4leanL15print_backtraceEb + 60
1   libleanshared.dylib                 0x0000000117c6fdd8 _ZN4leanL15lean_panic_implEPKcmb + 176
2   libleanshared.dylib                 0x0000000117c6fe70 lean_panic_fn + 40
3   libleanshared.dylib                 0x000000011273674c Lean.Elab.PartialFixpoint.isOptionFixpoint [private] + 1228
4   libleanshared.dylib                 0x000000011273707c Lean.Elab.PartialFixpoint.isPartialCorrectnessName [boxed, private] + 12
5   libleanshared.dylib                 0x0000000117c7da94 <apply/2> + 312
6   libleanshared.dylib                 0x00000001175e10f0 Array.anyMUnsafe.any [private] spec at Lean.isReservedName + 204
7   libleanshared.dylib                 0x00000001175e13f8 lean_is_reserved_name + 196
8   libleanshared.dylib                 0x0000000114121a70 Lean.Environment.findAsyncCore? [private] + 880
9   libleanshared.dylib                 0x000000011412c5f4 Lean.Environment.contains + 12
10  libleanshared.dylib                 0x00000001171d3208 Array.foldlMUnsafe.fold [private] spec at Lean.initFn + 196
11  libleanshared.dylib                 0x00000001171d33fc Lean.initFn [λ, private] + 172
12  libleanshared.dylib                 0x00000001171d34c8 Lean.initFn [λ, private] + 32
13  libleanshared.dylib                 0x0000000117c80838 <apply/3> + 3172
14  libleanshared.dylib                 0x0000000117c80838 <apply/3> + 3172
15  libleanshared.dylib                 0x000000011413e708 Array.foldlMUnsafe.fold [private] spec at Array.filterMapM spec at Lean.mkModuleData + 380
16  libleanshared.dylib                 0x000000011413eca8 Lean.mkModuleData + 124
17  libleanshared.dylib                 0x000000011413f314 Lean.writeModule [λ] + 32
18  libleanshared.dylib                 0x000000011413f4e4 Lean.writeModule + 140
19  libleanshared.dylib                 0x0000000117c7c2a4 <apply/1> + 2140
20  libleanshared.dylib                 0x0000000117ac9418 Lean.profileitIOUnsafe [λ, arity↓] + 20
21  libleanshared.dylib                 0x0000000117c7c6e4 <apply/1> + 3228
22  libleanshared.dylib                 0x0000000117c7c6e4 <apply/1> + 3228
23  libleanshared.dylib                 0x0000000117c5b6ac lean_profileit + 128
24  libleanshared.dylib                 0x0000000117ac9610 Lean.profileitIOUnsafe [arity↓] + 156
25  libleanshared.dylib                 0x0000000112126b90 Lean.Elab.runFrontend + 3420
26  libleanshared.dylib                 0x0000000117a1df2c lean_shell_main + 13304
27  libleanshared.dylib                 0x00000001103b140c _ZN4lean14run_shell_mainEiPPcRKNS_10object_refE + 364
28  libleanshared.dylib                 0x00000001103b1b60 lean_main + 488
29  dyld                                0x0000000186357e00 start + 6992
PANIC at _private.Lean.Elab.PreDefinition.PartialFixpoint.Induction.0.Lean.Elab.PartialFixpoint.isOptionFixpoint Lean.Elab.PreDefinition.PartialFixpoint.Induction:324:2: assertion violation: defnInfo.hasValue
  
backtrace:
0   libleanshared.dylib                 0x0000000117c79268 _ZN4leanL15print_backtraceEb + 60
1   libleanshared.dylib                 0x0000000117c6fdd8 _ZN4leanL15lean_panic_implEPKcmb + 176
2   libleanshared.dylib                 0x0000000117c6fe70 lean_panic_fn + 40
3   libleanshared.dylib                 0x000000011273674c Lean.Elab.PartialFixpoint.isOptionFixpoint [private] + 1228
4   libleanshared.dylib                 0x000000011273707c Lean.Elab.PartialFixpoint.isPartialCorrectnessName [boxed, private] + 12
5   libleanshared.dylib                 0x0000000117c7da94 <apply/2> + 312
6   libleanshared.dylib                 0x00000001175e10f0 Array.anyMUnsafe.any [private] spec at Lean.isReservedName + 204
7   libleanshared.dylib                 0x00000001175e13f8 lean_is_reserved_name + 196
8   libleanshared.dylib                 0x0000000114121a70 Lean.Environment.findAsyncCore? [private] + 880
9   libleanshared.dylib                 0x000000011412324c Lean.Environment.find? + 492
10  libleanshared.dylib                 0x000000011413db44 Array.foldlMUnsafe.fold [private] spec at Array.filterMapM spec at Lean.mkModuleData + 244
11  libleanshared.dylib                 0x000000011413eda8 Lean.mkModuleData + 380
12  libleanshared.dylib                 0x000000011413f314 Lean.writeModule [λ] + 32
13  libleanshared.dylib                 0x000000011413f4e4 Lean.writeModule + 140
14  libleanshared.dylib                 0x0000000117c7c2a4 <apply/1> + 2140
15  libleanshared.dylib                 0x0000000117ac9418 Lean.profileitIOUnsafe [λ, arity↓] + 20
16  libleanshared.dylib                 0x0000000117c7c6e4 <apply/1> + 3228
17  libleanshared.dylib                 0x0000000117c7c6e4 <apply/1> + 3228
18  libleanshared.dylib                 0x0000000117c5b6ac lean_profileit + 128
19  libleanshared.dylib                 0x0000000117ac9610 Lean.profileitIOUnsafe [arity↓] + 156
20  libleanshared.dylib                 0x0000000112126b90 Lean.Elab.runFrontend + 3420
21  libleanshared.dylib                 0x0000000117a1df2c lean_shell_main + 13304
22  libleanshared.dylib                 0x00000001103b140c _ZN4lean14run_shell_mainEiPPcRKNS_10object_refE + 364
23  libleanshared.dylib                 0x00000001103b1b60 lean_main + 488
24  dyld                                0x0000000186357e00 start + 6992
PANIC at _private.Lean.Elab.PreDefinition.PartialFixpoint.Induction.0.Lean.Elab.PartialFixpoint.isOptionFixpoint Lean.Elab.PreDefinition.PartialFixpoint.Induction:324:2: assertion violation: defnInfo.hasValue
  
backtrace:
0   libleanshared.dylib                 0x0000000117c79268 _ZN4leanL15print_backtraceEb + 60
1   libleanshared.dylib                 0x0000000117c6fdd8 _ZN4leanL15lean_panic_implEPKcmb + 176
2   libleanshared.dylib                 0x0000000117c6fe70 lean_panic_fn + 40
3   libleanshared.dylib                 0x000000011273674c Lean.Elab.PartialFixpoint.isOptionFixpoint [private] + 1228
4   libleanshared.dylib                 0x000000011273707c Lean.Elab.PartialFixpoint.isPartialCorrectnessName [boxed, private] + 12
5   libleanshared.dylib                 0x0000000117c7da94 <apply/2> + 312
6   libleanshared.dylib                 0x00000001175e10f0 Array.anyMUnsafe.any [private] spec at Lean.isReservedName + 204
7   libleanshared.dylib                 0x00000001175e13f8 lean_is_reserved_name + 196
8   libleanshared.dylib                 0x0000000114121a70 Lean.Environment.findAsyncCore? [private] + 880
9   libleanshared.dylib                 0x000000011412c5f4 Lean.Environment.contains + 12
10  libleanshared.dylib                 0x00000001171d3208 Array.foldlMUnsafe.fold [private] spec at Lean.initFn + 196
11  libleanshared.dylib                 0x00000001171d33fc Lean.initFn [λ, private] + 172
12  libleanshared.dylib                 0x00000001171d34c8 Lean.initFn [λ, private] + 32
13  libleanshared.dylib                 0x0000000117c80838 <apply/3> + 3172
14  libleanshared.dylib                 0x0000000117c80838 <apply/3> + 3172
15  libleanshared.dylib                 0x000000011413e708 Array.foldlMUnsafe.fold [private] spec at Array.filterMapM spec at Lean.mkModuleData + 380
16  libleanshared.dylib                 0x000000011413eca8 Lean.mkModuleData + 124
17  libleanshared.dylib                 0x000000011413f314 Lean.writeModule [λ] + 32
18  libleanshared.dylib                 0x000000011413f650 Lean.writeModule + 504
19  libleanshared.dylib                 0x0000000117c7c2a4 <apply/1> + 2140
20  libleanshared.dylib                 0x0000000117ac9418 Lean.profileitIOUnsafe [λ, arity↓] + 20
21  libleanshared.dylib                 0x0000000117c7c6e4 <apply/1> + 3228
22  libleanshared.dylib                 0x0000000117c7c6e4 <apply/1> + 3228
23  libleanshared.dylib                 0x0000000117c5b6ac lean_profileit + 128
24  libleanshared.dylib                 0x0000000117ac9610 Lean.profileitIOUnsafe [arity↓] + 156
25  libleanshared.dylib                 0x0000000112126b90 Lean.Elab.runFrontend + 3420
26  libleanshared.dylib                 0x0000000117a1df2c lean_shell_main + 13304
27  libleanshared.dylib                 0x00000001103b140c _ZN4lean14run_shell_mainEiPPcRKNS_10object_refE + 364
28  libleanshared.dylib                 0x00000001103b1b60 lean_main + 488
29  dyld                                0x0000000186357e00 start + 6992
PANIC at _private.Lean.Elab.PreDefinition.PartialFixpoint.Induction.0.Lean.Elab.PartialFixpoint.isOptionFixpoint Lean.Elab.PreDefinition.PartialFixpoint.Induction:324:2: assertion violation: defnInfo.hasValue
  
backtrace:
0   libleanshared.dylib                 0x0000000117c79268 _ZN4leanL15print_backtraceEb + 60
1   libleanshared.dylib                 0x0000000117c6fdd8 _ZN4leanL15lean_panic_implEPKcmb + 176
2   libleanshared.dylib                 0x0000000117c6fe70 lean_panic_fn + 40
3   libleanshared.dylib                 0x000000011273674c Lean.Elab.PartialFixpoint.isOptionFixpoint [private] + 1228
4   libleanshared.dylib                 0x000000011273707c Lean.Elab.PartialFixpoint.isPartialCorrectnessName [boxed, private] + 12
5   libleanshared.dylib                 0x0000000117c7da94 <apply/2> + 312
6   libleanshared.dylib                 0x00000001175e10f0 Array.anyMUnsafe.any [private] spec at Lean.isReservedName + 204
7   libleanshared.dylib                 0x00000001175e13f8 lean_is_reserved_name + 196
8   libleanshared.dylib                 0x0000000114121a70 Lean.Environment.findAsyncCore? [private] + 880
9   libleanshared.dylib                 0x000000011412324c Lean.Environment.find? + 492
10  libleanshared.dylib                 0x000000011413db44 Array.foldlMUnsafe.fold [private] spec at Array.filterMapM spec at Lean.mkModuleData + 244
11  libleanshared.dylib                 0x000000011413eda8 Lean.mkModuleData + 380
12  libleanshared.dylib                 0x000000011413f314 Lean.writeModule [λ] + 32
13  libleanshared.dylib                 0x000000011413f650 Lean.writeModule + 504
14  libleanshared.dylib                 0x0000000117c7c2a4 <apply/1> + 2140
15  libleanshared.dylib                 0x0000000117ac9418 Lean.profileitIOUnsafe [λ, arity↓] + 20
16  libleanshared.dylib                 0x0000000117c7c6e4 <apply/1> + 3228
17  libleanshared.dylib                 0x0000000117c7c6e4 <apply/1> + 3228
18  libleanshared.dylib                 0x0000000117c5b6ac lean_profileit + 128
19  libleanshared.dylib                 0x0000000117ac9610 Lean.profileitIOUnsafe [arity↓] + 156
20  libleanshared.dylib                 0x0000000112126b90 Lean.Elab.runFrontend + 3420
21  libleanshared.dylib                 0x0000000117a1df2c lean_shell_main + 13304
22  libleanshared.dylib                 0x00000001103b140c _ZN4lean14run_shell_mainEiPPcRKNS_10object_refE + 364
23  libleanshared.dylib                 0x00000001103b1b60 lean_main + 488
24  dyld                                0x0000000186357e00 start + 6992
⚠ [224/526] Replayed Smt.Reconstruct.BitVec.Bitblast
warning: Smt/Reconstruct/BitVec/Bitblast.lean:36:4: declaration uses `sorry`
⚠ [273/526] Replayed Smt.Data.Sexp
warning: Smt/Data/Sexp.lean:89:10: `String.next` has been deprecated: Use `String.Pos.Raw.next` instead

Note: The updated constant is in a different namespace. Dot notation may need to be changed (e.g., from `x.next` to `Pos.Raw.next x`).
ℹ [576/576] Built StrataBooleTest.zz_guard_sum_of_slice (13s)
info: StrataBooleTest/zz_guard_sum_of_slice.lean:203:0: Obligation: sum_of_scalars_body_calls_sum_of_scalars_0
Property: assert
Result: ✅ pass

Obligation: sum_of_scalars_body_calls_Sequence.select_1
Property: out-of-bounds access check
Result: ✅ pass

Obligation: sum_of_scalars_terminates_0
Property: assert
Result: ✅ pass

Obligation: sum_of_scalars_terminates_1
Property: assert
Result: ✅ pass

Obligation: Scalar_add_ensures_3_8446
Property: assert
Result: ✅ pass

Obligation: Scalar_add_ensures_5_8514
Property: assert
Result: ✅ pass

Obligation: Scalar_add_ensures_6_8589
Property: assert
Result: ✅ pass

Obligation: Scalar_add_ensures_7_8684
Property: assert
Result: ✅ pass

Obligation: sum_of_slice_pre_sum_of_slice_requires_9_8830_calls_Sequence.select_0
Property: out-of-bounds access check
Result: ✅ pass

Obligation: sum_of_slice_pre_sum_of_slice_requires_11_8988_calls_Sequence.select_0
Property: out-of-bounds access check
Result: ✅ pass

Obligation: sum_of_slice_post_sum_of_slice_ensures_14_9193_calls_sum_of_scalars_0
Property: assert
Result: ✅ pass

Obligation: loop_invariant_calls_Sequence.select_0
Property: out-of-bounds access check
Result: ✅ pass

Obligation: loop_invariant_calls_sum_of_scalars_0
Property: assert
Result: ✅ pass

Obligation: insertLoopInvAssert_entry_invariant_loop_10_0
Property: assert
Result: ✅ pass

Obligation: insertLoopInvAssert_entry_invariant_loop_10_1
Property: assert
Result: ✅ pass

Obligation: insertLoopInvAssert_entry_invariant_loop_10_2
Property: assert
Result: ✅ pass

Obligation: insertLoopInvAssert_entry_invariant_loop_10_3
Property: assert
Result: ✅ pass

Obligation: insertLoopInvAssert_entry_invariant_loop_10_4
Property: assert
Result: ✅ pass

Obligation: insertLoopInvAssert_entry_invariant_loop_10_5
Property: assert
Result: ✅ pass

Obligation: insertLoopInvAssert_entry_invariant_loop_10_6
Property: assert
Result: ✅ pass

Obligation: init_calls_Sequence.select_0
Property: out-of-bounds access check
Result: ✅ pass

Obligation: callElimAssert_Scalar_add_requires_1_8390_3
Property: assert
Result: ✅ pass

Obligation: callElimAssert_Scalar_add_requires_2_8418_4
Property: assert
Result: ✅ pass

Obligation: callElimAssert_Scalar_add_requires_4_8475_5
Property: assert
Result: ✅ pass

Obligation: insertLoopInvAssert_arbitrary_iter_maintain_invariant_loop_10_0
Property: assert
Result: ✅ pass

Obligation: insertLoopInvAssert_arbitrary_iter_maintain_invariant_loop_10_1
Property: assert
Result: ✅ pass

Obligation: insertLoopInvAssert_arbitrary_iter_maintain_invariant_loop_10_2
Property: assert
Result: ✅ pass

Obligation: insertLoopInvAssert_arbitrary_iter_maintain_invariant_loop_10_3
Property: assert
Result: ✅ pass

Obligation: insertLoopInvAssert_arbitrary_iter_maintain_invariant_loop_10_4
Property: assert
Result: ✅ pass

Obligation: insertLoopInvAssert_arbitrary_iter_maintain_invariant_loop_10_5
Property: assert
Result: ✅ pass

Obligation: insertLoopInvAssert_arbitrary_iter_maintain_invariant_loop_10_6
Property: assert
Result: ✅ pass

Obligation: sum_of_slice_ensures_10_8959
Property: assert
Result: ✅ pass

Obligation: sum_of_slice_ensures_12_9107
Property: assert
Result: ✅ pass

Obligation: sum_of_slice_ensures_13_9154
Property: assert
Result: ✅ pass

Obligation: sum_of_slice_ensures_14_9193
Property: assert
Result: ✅ pass
Build completed successfully (576 jobs).
